# PR #25 public-snapshot failure diagnostic extract

## Provenance

- Source run: https://github.com/therealhieu/md2vid/actions/runs/30387899259
- Source failed job: https://github.com/therealhieu/md2vid/actions/runs/30387899259/job/91154094246
- Exact original Mode A extraction command, run before this tracked extract replaced its output path:

  ```sh
  gh run view 30387899259 --repo therealhieu/md2vid --job 91154094246 --log-failed > docs/superpowers/active/2026-08-01-resolve-open-prs/evidence/pr-25-snapshot-failure.log
  ```

- Safe re-extraction command; it preserves this tracked extract by writing the generated raw transcript outside the worktree:

  ```sh
  raw_log=/tmp/pr-25-snapshot-failure.raw.log
  gh run view 30387899259 --repo therealhieu/md2vid --job 91154094246 --log-failed > "$raw_log"
  wc -lc "$raw_log"
  shasum -a 256 "$raw_log"
  ```

- Derivation of this tracked extract from the raw transcript: record the source URLs, raw line/byte count, and SHA-256; then copy raw lines `6332-6339` and `11769-11786` verbatim into the two excerpts below.
- Full raw transcript before replacement: `11,812` lines, `1,265,359` bytes, SHA-256 `1aa28ae0609a8d8c5d2b5448a827dabedbab9452ed4fc0d114446ff01225607a`.
- The full raw transcript is preserved temporarily outside this worktree. It is not retained verbatim in Git because it is 1.2 MB of generated CI output with high noise and trailing whitespace. This concise tracked extract is the reviewer-approved durable alternative: it preserves the source URLs, original and safe extraction commands, content identity, both successful nested-suite summaries, and the complete terminal failure chain.

## Exact excerpt from the raw transcript

### First nested-suite summary (raw lines 6332-6340)

```text
public-snapshot / validate	UNKNOWN STEP	2026-07-31T12:20:27.1618385Z 1..861
public-snapshot / validate	UNKNOWN STEP	2026-07-31T12:20:27.1618782Z # tests 861
public-snapshot / validate	UNKNOWN STEP	2026-07-31T12:20:27.1619139Z # suites 0
public-snapshot / validate	UNKNOWN STEP	2026-07-31T12:20:27.1619477Z # pass 861
public-snapshot / validate	UNKNOWN STEP	2026-07-31T12:20:27.1619739Z # fail 0
public-snapshot / validate	UNKNOWN STEP	2026-07-31T12:20:27.1619965Z # cancelled 0
public-snapshot / validate	UNKNOWN STEP	2026-07-31T12:20:27.1632221Z # skipped 0
public-snapshot / validate	UNKNOWN STEP	2026-07-31T12:20:27.1632627Z # todo 0
```

### Second nested-suite summary and terminal failure (raw lines 11769-11786)

```text
public-snapshot / validate	UNKNOWN STEP	2026-07-31T12:22:00.1784780Z 1..861
public-snapshot / validate	UNKNOWN STEP	2026-07-31T12:22:00.1785205Z # tests 861
public-snapshot / validate	UNKNOWN STEP	2026-07-31T12:22:00.1785591Z # suites 0
public-snapshot / validate	UNKNOWN STEP	2026-07-31T12:22:00.1785982Z # pass 861
public-snapshot / validate	UNKNOWN STEP	2026-07-31T12:22:00.1786347Z # fail 0
public-snapshot / validate	UNKNOWN STEP	2026-07-31T12:22:00.1786709Z # cancelled 0
public-snapshot / validate	UNKNOWN STEP	2026-07-31T12:22:00.1787138Z # skipped 0
public-snapshot / validate	UNKNOWN STEP	2026-07-31T12:22:00.1787526Z # todo 0
public-snapshot / validate	UNKNOWN STEP	2026-07-31T12:22:00.1788007Z # duration_ms 86820.356948
public-snapshot / validate	UNKNOWN STEP	2026-07-31T12:22:03.5207976Z OK [pack]: /tmp/md2vid-release-vTApME/artifacts/md2vid-0.1.12.tgz
public-snapshot / validate	UNKNOWN STEP	2026-07-31T12:22:19.0204784Z OK [install]: reused /tmp/md2vid-release-vTApME/artifacts/md2vid-0.1.12.tgz
public-snapshot / validate	UNKNOWN STEP	2026-07-31T12:22:19.4492304Z OK [cli]: installed package commands
public-snapshot / validate	UNKNOWN STEP	2026-07-31T12:22:19.5701074Z OK [skill:config]: isolated CLAUDE_CONFIG_DIR
public-snapshot / validate	UNKNOWN STEP	2026-07-31T12:22:19.6930980Z OK [skill:home]: isolated HOME
public-snapshot / validate	UNKNOWN STEP	2026-07-31T12:22:22.7562565Z FAIL [release]: retained diagnostics at /tmp/md2vid-public-check-BM230m/snapshot/release-diagnostics
public-snapshot / validate	UNKNOWN STEP	2026-07-31T12:22:22.7565024Z FAIL [smoke:hyperframes]: Command failed: /opt/hostedtoolcache/node/22.18.0/x64/bin/node /home/runner/.cache/node/corepack/v1/npm/11.15.0/bin/npm-cli.js run check
public-snapshot / validate	UNKNOWN STEP	2026-07-31T12:22:23.3694722Z public snapshot check: npm run release:check exited with status 1
public-snapshot / validate	UNKNOWN STEP	2026-07-31T12:22:23.3896283Z ##[error]Process completed with exit code 1.
```

The failed-job transcript exposes no deeper diagnostic from the nested `npm run check`; this extract does not infer one.
